{"timestamp": "2026-07-20T09:11:33.038517", "level": "INFO", "logger": "database", "message": "Pool de connexions PostgreSQL initialisé", "module": "database", "function": "__init__", "line": 44}
{"timestamp": "2026-07-20T09:11:33.225536", "level": "INFO", "logger": "main", "message": "Pipeline d'avis clients démarrée", "module": "app", "function": "main", "line": 64}
{"timestamp": "2026-07-20T09:11:33.225670", "level": "INFO", "logger": "main", "message": "Exécution du pipeline", "module": "app", "function": "main", "line": 76}
{"timestamp": "2026-07-20T09:11:33.225779", "level": "INFO", "logger": "pipeline", "message": "Démarrage du pipeline", "module": "pipeline", "function": "run", "line": 53}
{"timestamp": "2026-07-20T09:11:33.235461", "level": "INFO", "logger": "database", "message": "Schéma de base de données créé/vérifié", "module": "database", "function": "create_tables", "line": 132}
{"timestamp": "2026-07-20T09:11:33.239843", "level": "INFO", "logger": "database", "message": "Run 4c57420e-2639-4993-99ea-94055b47e2b0 démarrée", "module": "database", "function": "start_run", "line": 157}
{"timestamp": "2026-07-20T09:11:33.240010", "level": "INFO", "logger": "pipeline", "message": "Scrapers activés : ['trustpilot', 'playstore', 'appstore', 'googlemaps', 'rss_feed']", "module": "pipeline", "function": "run", "line": 74}
{"timestamp": "2026-07-20T09:11:33.240134", "level": "INFO", "logger": "scraper.trustpilot", "message": "Démarrage de trustpilot", "module": "scraper_base", "function": "run", "line": 95}
{"timestamp": "2026-07-20T09:11:33.240191", "level": "INFO", "logger": "scraper.trustpilot", "message": "Tentative 1/3", "module": "scheduler", "function": "execute_with_retry", "line": 73}
{"timestamp": "2026-07-20T09:11:33.240564", "level": "DEBUG", "logger": "asyncio", "message": "Using proactor: IocpProactor", "module": "proactor_events", "function": "__init__", "line": 631}
{"timestamp": "2026-07-20T09:11:33.822774", "level": "INFO", "logger": "scraper.trustpilot", "message": "Chargement de l'état de session depuis data\\state\\_tp_state.json", "module": "trustpilot", "function": "collect", "line": 72}
{"timestamp": "2026-07-20T09:11:34.131345", "level": "INFO", "logger": "scraper.trustpilot", "message": "Scraping Moov Africa Benin (moov-africa.bj)", "module": "trustpilot", "function": "collect", "line": 87}
{"timestamp": "2026-07-20T09:11:34.191575", "level": "INFO", "logger": "scraper.trustpilot", "message": "Navigation vers https://www.trustpilot.com/review/moov-africa.bj", "module": "trustpilot", "function": "_scrape_company", "line": 135}
{"timestamp": "2026-07-20T09:11:42.231891", "level": "DEBUG", "logger": "scraper.trustpilot", "message": "Scraping page 1", "module": "trustpilot", "function": "_scrape_company", "line": 155}
{"timestamp": "2026-07-20T09:11:42.232108", "level": "DEBUG", "logger": "scraper.trustpilot", "message": "Requête API : https://www.trustpilot.com/_next/data/businessunitprofile-consumersite-2.7302.0/en/review/moov-africa.bj.json?page=1", "module": "trustpilot", "function": "_fetch_reviews_page", "line": 232}
{"timestamp": "2026-07-20T09:11:42.536014", "level": "INFO", "logger": "scraper.trustpilot", "message": "Fin du scraping (page 1 vide)", "module": "trustpilot", "function": "_scrape_company", "line": 163}
{"timestamp": "2026-07-20T09:11:42.536171", "level": "INFO", "logger": "scraper.trustpilot", "message": "0 avis parsés pour Moov Africa Benin", "module": "trustpilot", "function": "_scrape_company", "line": 175}
{"timestamp": "2026-07-20T09:11:44.578471", "level": "INFO", "logger": "scraper.trustpilot", "message": "Scraping Moov Africa Burkina (moov-africa.bf)", "module": "trustpilot", "function": "collect", "line": 87}
{"timestamp": "2026-07-20T09:11:44.649846", "level": "INFO", "logger": "scraper.trustpilot", "message": "Navigation vers https://www.trustpilot.com/review/moov-africa.bf", "module": "trustpilot", "function": "_scrape_company", "line": 135}
{"timestamp": "2026-07-20T09:11:48.251108", "level": "DEBUG", "logger": "scraper.trustpilot", "message": "Scraping page 1", "module": "trustpilot", "function": "_scrape_company", "line": 155}
{"timestamp": "2026-07-20T09:11:48.251403", "level": "DEBUG", "logger": "scraper.trustpilot", "message": "Requête API : https://www.trustpilot.com/_next/data/businessunitprofile-consumersite-2.7302.0/en/review/moov-africa.bf.json?page=1", "module": "trustpilot", "function": "_fetch_reviews_page", "line": 232}
{"timestamp": "2026-07-20T09:11:48.559405", "level": "INFO", "logger": "scraper.trustpilot", "message": "Fin du scraping (page 1 vide)", "module": "trustpilot", "function": "_scrape_company", "line": 163}
{"timestamp": "2026-07-20T09:11:48.559491", "level": "INFO", "logger": "scraper.trustpilot", "message": "0 avis parsés pour Moov Africa Burkina", "module": "trustpilot", "function": "_scrape_company", "line": 175}
{"timestamp": "2026-07-20T09:11:50.578614", "level": "INFO", "logger": "scraper.trustpilot", "message": "Scraping Moov Africa Mali (moov-africa.ml)", "module": "trustpilot", "function": "collect", "line": 87}
{"timestamp": "2026-07-20T09:11:50.660736", "level": "INFO", "logger": "scraper.trustpilot", "message": "Navigation vers https://www.trustpilot.com/review/moov-africa.ml", "module": "trustpilot", "function": "_scrape_company", "line": 135}
{"timestamp": "2026-07-20T09:11:54.691412", "level": "DEBUG", "logger": "scraper.trustpilot", "message": "Scraping page 1", "module": "trustpilot", "function": "_scrape_company", "line": 155}
{"timestamp": "2026-07-20T09:11:54.691875", "level": "DEBUG", "logger": "scraper.trustpilot", "message": "Requête API : https://www.trustpilot.com/_next/data/businessunitprofile-consumersite-2.7302.0/en/review/moov-africa.ml.json?page=1", "module": "trustpilot", "function": "_fetch_reviews_page", "line": 232}
{"timestamp": "2026-07-20T09:11:54.959065", "level": "INFO", "logger": "scraper.trustpilot", "message": "Fin du scraping (page 1 vide)", "module": "trustpilot", "function": "_scrape_company", "line": 163}
{"timestamp": "2026-07-20T09:11:54.959222", "level": "INFO", "logger": "scraper.trustpilot", "message": "0 avis parsés pour Moov Africa Mali", "module": "trustpilot", "function": "_scrape_company", "line": 175}
{"timestamp": "2026-07-20T09:11:56.986117", "level": "INFO", "logger": "scraper.trustpilot", "message": "Scraping Moov Africa Centrafrique (moov-africa.cf)", "module": "trustpilot", "function": "collect", "line": 87}
{"timestamp": "2026-07-20T09:11:57.052947", "level": "INFO", "logger": "scraper.trustpilot", "message": "Navigation vers https://www.trustpilot.com/review/moov-africa.cf", "module": "trustpilot", "function": "_scrape_company", "line": 135}
{"timestamp": "2026-07-20T09:12:00.775392", "level": "DEBUG", "logger": "scraper.trustpilot", "message": "Scraping page 1", "module": "trustpilot", "function": "_scrape_company", "line": 155}
{"timestamp": "2026-07-20T09:12:00.775590", "level": "DEBUG", "logger": "scraper.trustpilot", "message": "Requête API : https://www.trustpilot.com/_next/data/businessunitprofile-consumersite-2.7302.0/en/review/moov-africa.cf.json?page=1", "module": "trustpilot", "function": "_fetch_reviews_page", "line": 232}
{"timestamp": "2026-07-20T09:12:01.196124", "level": "INFO", "logger": "scraper.trustpilot", "message": "Fin du scraping (page 1 vide)", "module": "trustpilot", "function": "_scrape_company", "line": 163}
{"timestamp": "2026-07-20T09:12:01.196550", "level": "INFO", "logger": "scraper.trustpilot", "message": "0 avis parsés pour Moov Africa Centrafrique", "module": "trustpilot", "function": "_scrape_company", "line": 175}
{"timestamp": "2026-07-20T09:12:03.384961", "level": "INFO", "logger": "scraper.trustpilot", "message": "État de session sauvegardé dans data\\state\\_tp_state.json", "module": "trustpilot", "function": "collect", "line": 101}
{"timestamp": "2026-07-20T09:12:03.599360", "level": "INFO", "logger": "scraper.trustpilot", "message": "Tentative 1 réussie", "module": "scheduler", "function": "execute_with_retry", "line": 84}
{"timestamp": "2026-07-20T09:12:03.599458", "level": "WARNING", "logger": "scraper.trustpilot", "message": "Aucun avis collecté par trustpilot", "module": "scraper_base", "function": "run", "line": 106}
{"timestamp": "2026-07-20T09:12:03.599674", "level": "WARNING", "logger": "monitoring", "message": "[WARNING] trustpilot : zéro avis", "module": "monitoring", "function": "send_alerts", "line": 133}
{"timestamp": "2026-07-20T09:12:03.599851", "level": "INFO", "logger": "scraper.playstore", "message": "Démarrage de playstore", "module": "scraper_base", "function": "run", "line": 95}
{"timestamp": "2026-07-20T09:12:03.601039", "level": "INFO", "logger": "scraper.playstore", "message": "Tentative 1/3", "module": "scheduler", "function": "execute_with_retry", "line": 73}
{"timestamp": "2026-07-20T09:12:03.602070", "level": "INFO", "logger": "scraper.playstore", "message": "Scraping Moov Africa Benin", "module": "playstore", "function": "collect", "line": 41}
{"timestamp": "2026-07-20T09:12:03.602178", "level": "DEBUG", "logger": "scraper.playstore", "message": "Tentative store BJ", "module": "playstore", "function": "_try_fetch", "line": 92}
{"timestamp": "2026-07-20T09:12:04.354449", "level": "INFO", "logger": "scraper.playstore", "message": "✓ 52 avis trouvés (store BJ)", "module": "playstore", "function": "_try_fetch", "line": 107}
{"timestamp": "2026-07-20T09:12:05.355726", "level": "INFO", "logger": "scraper.playstore", "message": "Scraping Moov Africa Burkina", "module": "playstore", "function": "collect", "line": 41}
{"timestamp": "2026-07-20T09:12:05.355895", "level": "DEBUG", "logger": "scraper.playstore", "message": "Tentative store BF", "module": "playstore", "function": "_try_fetch", "line": 92}
{"timestamp": "2026-07-20T09:12:05.674403", "level": "INFO", "logger": "scraper.playstore", "message": "✓ 3 avis trouvés (store BF)", "module": "playstore", "function": "_try_fetch", "line": 107}
{"timestamp": "2026-07-20T09:12:06.675725", "level": "INFO", "logger": "scraper.playstore", "message": "Scraping Moov Africa Mali", "module": "playstore", "function": "collect", "line": 41}
{"timestamp": "2026-07-20T09:12:06.676270", "level": "DEBUG", "logger": "scraper.playstore", "message": "Tentative store ML", "module": "playstore", "function": "_try_fetch", "line": 92}
{"timestamp": "2026-07-20T09:12:07.107677", "level": "DEBUG", "logger": "scraper.playstore", "message": "Tentative global", "module": "playstore", "function": "_try_fetch", "line": 92}
{"timestamp": "2026-07-20T09:12:07.388968", "level": "DEBUG", "logger": "scraper.playstore", "message": "Tentative fr ML", "module": "playstore", "function": "_try_fetch", "line": 92}
{"timestamp": "2026-07-20T09:12:07.809323", "level": "INFO", "logger": "scraper.playstore", "message": "✓ 39 avis trouvés (fr ML)", "module": "playstore", "function": "_try_fetch", "line": 107}
{"timestamp": "2026-07-20T09:12:08.810831", "level": "INFO", "logger": "scraper.playstore", "message": "Tentative 1 réussie", "module": "scheduler", "function": "execute_with_retry", "line": 84}
{"timestamp": "2026-07-20T09:12:08.811210", "level": "INFO", "logger": "scraper.playstore", "message": "94 avis bruts collectés", "module": "scraper_base", "function": "run", "line": 111}
{"timestamp": "2026-07-20T09:12:08.811568", "level": "INFO", "logger": "scraper.playstore", "message": "94 avis valides après validation", "module": "scraper_base", "function": "run", "line": 124}
{"timestamp": "2026-07-20T09:12:08.823947", "level": "INFO", "logger": "database", "message": "Batch insertion terminée", "module": "database", "function": "batch_insert_reviews", "line": 277}
{"timestamp": "2026-07-20T09:12:08.832528", "level": "INFO", "logger": "scraper.playstore", "message": "playstore terminé avec succès", "module": "scraper_base", "function": "run", "line": 146}
{"timestamp": "2026-07-20T09:12:08.832708", "level": "WARNING", "logger": "monitoring", "message": "[WARNING] playstore : zéro avis", "module": "monitoring", "function": "send_alerts", "line": 133}
{"timestamp": "2026-07-20T09:12:08.832888", "level": "INFO", "logger": "scraper.appstore", "message": "Démarrage de appstore", "module": "scraper_base", "function": "run", "line": 95}
{"timestamp": "2026-07-20T09:12:08.833017", "level": "INFO", "logger": "scraper.appstore", "message": "Tentative 1/3", "module": "scheduler", "function": "execute_with_retry", "line": 73}
{"timestamp": "2026-07-20T09:12:08.833606", "level": "INFO", "logger": "scraper.appstore", "message": "Scraping Moov Africa Benin", "module": "appstore", "function": "collect", "line": 52}
{"timestamp": "2026-07-20T09:12:08.833905", "level": "DEBUG", "logger": "scraper.appstore", "message": "Tentative store BJ", "module": "appstore", "function": "_try_fetch_reviews", "line": 104}
{"timestamp": "2026-07-20T09:12:09.112677", "level": "DEBUG", "logger": "scraper.appstore", "message": "Fin du scraping page 1 (aucun avis)", "module": "appstore", "function": "_try_fetch_reviews", "line": 133}
{"timestamp": "2026-07-20T09:12:09.112824", "level": "INFO", "logger": "scraper.appstore", "message": "Aucun avis sur bj, essai fallback FR", "module": "appstore", "function": "_fetch_app_reviews", "line": 79}
{"timestamp": "2026-07-20T09:12:09.112970", "level": "DEBUG", "logger": "scraper.appstore", "message": "Tentative store FR (fallback)", "module": "appstore", "function": "_try_fetch_reviews", "line": 104}
{"timestamp": "2026-07-20T09:12:09.348170", "level": "DEBUG", "logger": "scraper.appstore", "message": "Fin du scraping page 1 (aucun avis)", "module": "appstore", "function": "_try_fetch_reviews", "line": 133}
{"timestamp": "2026-07-20T09:12:09.348377", "level": "WARNING", "logger": "scraper.appstore", "message": "Aucun avis trouvé pour Moov Africa Benin", "module": "appstore", "function": "_fetch_app_reviews", "line": 89}
{"timestamp": "2026-07-20T09:12:10.348879", "level": "INFO", "logger": "scraper.appstore", "message": "Scraping Moov Africa Burkina", "module": "appstore", "function": "collect", "line": 52}
{"timestamp": "2026-07-20T09:12:10.349071", "level": "DEBUG", "logger": "scraper.appstore", "message": "Tentative store BF", "module": "appstore", "function": "_try_fetch_reviews", "line": 104}
{"timestamp": "2026-07-20T09:12:10.639404", "level": "DEBUG", "logger": "scraper.appstore", "message": "Fin du scraping page 1 (aucun avis)", "module": "appstore", "function": "_try_fetch_reviews", "line": 133}
{"timestamp": "2026-07-20T09:12:10.639572", "level": "INFO", "logger": "scraper.appstore", "message": "Aucun avis sur bf, essai fallback FR", "module": "appstore", "function": "_fetch_app_reviews", "line": 79}
{"timestamp": "2026-07-20T09:12:10.639685", "level": "DEBUG", "logger": "scraper.appstore", "message": "Tentative store FR (fallback)", "module": "appstore", "function": "_try_fetch_reviews", "line": 104}
{"timestamp": "2026-07-20T09:12:10.887255", "level": "DEBUG", "logger": "scraper.appstore", "message": "Fin du scraping page 1 (aucun avis)", "module": "appstore", "function": "_try_fetch_reviews", "line": 133}
{"timestamp": "2026-07-20T09:12:10.887427", "level": "WARNING", "logger": "scraper.appstore", "message": "Aucun avis trouvé pour Moov Africa Burkina", "module": "appstore", "function": "_fetch_app_reviews", "line": 89}
{"timestamp": "2026-07-20T09:12:11.888505", "level": "INFO", "logger": "scraper.appstore", "message": "Scraping Moov Africa Mali", "module": "appstore", "function": "collect", "line": 52}
{"timestamp": "2026-07-20T09:12:11.888722", "level": "DEBUG", "logger": "scraper.appstore", "message": "Tentative store ML", "module": "appstore", "function": "_try_fetch_reviews", "line": 104}
{"timestamp": "2026-07-20T09:12:12.252589", "level": "DEBUG", "logger": "scraper.appstore", "message": "Fin du scraping page 1 (aucun avis)", "module": "appstore", "function": "_try_fetch_reviews", "line": 133}
{"timestamp": "2026-07-20T09:12:12.252726", "level": "INFO", "logger": "scraper.appstore", "message": "Aucun avis sur ml, essai fallback FR", "module": "appstore", "function": "_fetch_app_reviews", "line": 79}
{"timestamp": "2026-07-20T09:12:12.252811", "level": "DEBUG", "logger": "scraper.appstore", "message": "Tentative store FR (fallback)", "module": "appstore", "function": "_try_fetch_reviews", "line": 104}
{"timestamp": "2026-07-20T09:12:12.646559", "level": "DEBUG", "logger": "scraper.appstore", "message": "Fin du scraping page 1 (aucun avis)", "module": "appstore", "function": "_try_fetch_reviews", "line": 133}
{"timestamp": "2026-07-20T09:12:12.646703", "level": "WARNING", "logger": "scraper.appstore", "message": "Aucun avis trouvé pour Moov Africa Mali", "module": "appstore", "function": "_fetch_app_reviews", "line": 89}
{"timestamp": "2026-07-20T09:12:13.647684", "level": "INFO", "logger": "scraper.appstore", "message": "Scraping Moov Africa Centrafrique", "module": "appstore", "function": "collect", "line": 52}
{"timestamp": "2026-07-20T09:12:13.647812", "level": "DEBUG", "logger": "scraper.appstore", "message": "Tentative store CF", "module": "appstore", "function": "_try_fetch_reviews", "line": 104}
{"timestamp": "2026-07-20T09:12:13.914228", "level": "DEBUG", "logger": "scraper.appstore", "message": "Fin du scraping page 1 (aucun avis)", "module": "appstore", "function": "_try_fetch_reviews", "line": 133}
{"timestamp": "2026-07-20T09:12:13.914391", "level": "INFO", "logger": "scraper.appstore", "message": "Aucun avis sur cf, essai fallback FR", "module": "appstore", "function": "_fetch_app_reviews", "line": 79}
{"timestamp": "2026-07-20T09:12:13.914538", "level": "DEBUG", "logger": "scraper.appstore", "message": "Tentative store FR (fallback)", "module": "appstore", "function": "_try_fetch_reviews", "line": 104}
{"timestamp": "2026-07-20T09:12:14.316750", "level": "DEBUG", "logger": "scraper.appstore", "message": "Fin du scraping page 1 (aucun avis)", "module": "appstore", "function": "_try_fetch_reviews", "line": 133}
{"timestamp": "2026-07-20T09:12:14.316938", "level": "WARNING", "logger": "scraper.appstore", "message": "Aucun avis trouvé pour Moov Africa Centrafrique", "module": "appstore", "function": "_fetch_app_reviews", "line": 89}
{"timestamp": "2026-07-20T09:12:15.318168", "level": "INFO", "logger": "scraper.appstore", "message": "Tentative 1 réussie", "module": "scheduler", "function": "execute_with_retry", "line": 84}
{"timestamp": "2026-07-20T09:12:15.318479", "level": "WARNING", "logger": "scraper.appstore", "message": "Aucun avis collecté par appstore", "module": "scraper_base", "function": "run", "line": 106}
{"timestamp": "2026-07-20T09:12:15.319508", "level": "WARNING", "logger": "monitoring", "message": "[WARNING] appstore : zéro avis", "module": "monitoring", "function": "send_alerts", "line": 133}
{"timestamp": "2026-07-20T09:12:15.319886", "level": "INFO", "logger": "scraper.googlemaps", "message": "Démarrage de googlemaps", "module": "scraper_base", "function": "run", "line": 95}
{"timestamp": "2026-07-20T09:12:15.320043", "level": "INFO", "logger": "scraper.googlemaps", "message": "Tentative 1/3", "module": "scheduler", "function": "execute_with_retry", "line": 73}
{"timestamp": "2026-07-20T09:12:15.320355", "level": "DEBUG", "logger": "asyncio", "message": "Using proactor: IocpProactor", "module": "proactor_events", "function": "__init__", "line": 631}
{"timestamp": "2026-07-20T09:12:16.014994", "level": "INFO", "logger": "scraper.googlemaps", "message": "Scraping Moov Africa Benin", "module": "google_maps", "function": "collect", "line": 91}
{"timestamp": "2026-07-20T09:12:16.132927", "level": "DEBUG", "logger": "scraper.googlemaps", "message": "Recherche : Agence Moov Africa Cotonou Bénin", "module": "google_maps", "function": "_open_place", "line": 155}
{"timestamp": "2026-07-20T09:12:22.024236", "level": "DEBUG", "logger": "scraper.googlemaps", "message": "Ouverture onglet Reviews", "module": "google_maps", "function": "_open_reviews_tab", "line": 209}
{"timestamp": "2026-07-20T09:13:22.039158", "level": "ERROR", "logger": "scraper.googlemaps", "message": "Erreur ouverture Reviews : Locator.wait_for: Timeout 60000ms exceeded.\nCall log:\n  - waiting for locator(\"button[role=\\\"tab\\\"]\").filter(has_text=re.compile(r\"Reviews|Avis\", re.IGNORECASE)) to be visible\n", "module": "google_maps", "function": "_open_reviews_tab", "line": 225}
{"timestamp": "2026-07-20T09:13:22.039234", "level": "WARNING", "logger": "scraper.googlemaps", "message": "Impossible d'ouvrir l'onglet Reviews", "module": "google_maps", "function": "_scrape_location", "line": 134}
{"timestamp": "2026-07-20T09:13:27.054285", "level": "INFO", "logger": "scraper.googlemaps", "message": "Scraping Moov Africa Burkina", "module": "google_maps", "function": "collect", "line": 91}
{"timestamp": "2026-07-20T09:13:27.130258", "level": "DEBUG", "logger": "scraper.googlemaps", "message": "Recherche : Moov Africa Siège Ouagadougou Burkina Faso", "module": "google_maps", "function": "_open_place", "line": 155}
{"timestamp": "2026-07-20T09:13:32.591568", "level": "DEBUG", "logger": "scraper.googlemaps", "message": "Ouverture onglet Reviews", "module": "google_maps", "function": "_open_reviews_tab", "line": 209}
{"timestamp": "2026-07-20T09:14:32.605475", "level": "ERROR", "logger": "scraper.googlemaps", "message": "Erreur ouverture Reviews : Locator.wait_for: Timeout 60000ms exceeded.\nCall log:\n  - waiting for locator(\"button[role=\\\"tab\\\"]\").filter(has_text=re.compile(r\"Reviews|Avis\", re.IGNORECASE)) to be visible\n", "module": "google_maps", "function": "_open_reviews_tab", "line": 225}
{"timestamp": "2026-07-20T09:14:32.605668", "level": "WARNING", "logger": "scraper.googlemaps", "message": "Impossible d'ouvrir l'onglet Reviews", "module": "google_maps", "function": "_scrape_location", "line": 134}
{"timestamp": "2026-07-20T09:14:37.622350", "level": "INFO", "logger": "scraper.googlemaps", "message": "Scraping Moov Africa Mali", "module": "google_maps", "function": "collect", "line": 91}
{"timestamp": "2026-07-20T09:14:37.683738", "level": "DEBUG", "logger": "scraper.googlemaps", "message": "Recherche : Agence Moov Africa Bamako Mali", "module": "google_maps", "function": "_open_place", "line": 155}
{"timestamp": "2026-07-20T09:14:42.887428", "level": "DEBUG", "logger": "scraper.googlemaps", "message": "Ouverture onglet Reviews", "module": "google_maps", "function": "_open_reviews_tab", "line": 209}
{"timestamp": "2026-07-20T09:15:42.907562", "level": "ERROR", "logger": "scraper.googlemaps", "message": "Erreur ouverture Reviews : Locator.wait_for: Timeout 60000ms exceeded.\nCall log:\n  - waiting for locator(\"button[role=\\\"tab\\\"]\").filter(has_text=re.compile(r\"Reviews|Avis\", re.IGNORECASE)) to be visible\n", "module": "google_maps", "function": "_open_reviews_tab", "line": 225}
{"timestamp": "2026-07-20T09:15:42.907735", "level": "WARNING", "logger": "scraper.googlemaps", "message": "Impossible d'ouvrir l'onglet Reviews", "module": "google_maps", "function": "_scrape_location", "line": 134}
{"timestamp": "2026-07-20T09:15:47.924486", "level": "INFO", "logger": "scraper.googlemaps", "message": "Scraping Moov Africa Centrafrique", "module": "google_maps", "function": "collect", "line": 91}
{"timestamp": "2026-07-20T09:15:47.988642", "level": "DEBUG", "logger": "scraper.googlemaps", "message": "Recherche : Agence Moov Africa Bangui Centrafrique", "module": "google_maps", "function": "_open_place", "line": 155}
{"timestamp": "2026-07-20T09:15:53.061872", "level": "DEBUG", "logger": "scraper.googlemaps", "message": "Ouverture onglet Reviews", "module": "google_maps", "function": "_open_reviews_tab", "line": 209}
